Archive member included to satisfy reference by file (symbol)

E:/STM32CubeIDE_1.13.2/STM32CubeIDE/plugins/com.st.stm32cube.ide.mcu.externaltools.gnu-tools-for-stm32.11.3.rel1.win32_1.1.1.202309131626/tools/bin/../lib/gcc/arm-none-eabi/11.3.1/../../../../arm-none-eabi/lib/thumb/v7e-m+fp/hard\libc_nano.a(libc_a-exit.o)
                              E:/STM32CubeIDE_1.13.2/STM32CubeIDE/plugins/com.st.stm32cube.ide.mcu.externaltools.gnu-tools-for-stm32.11.3.rel1.win32_1.1.1.202309131626/tools/bin/../lib/gcc/arm-none-eabi/11.3.1/../../../../arm-none-eabi/lib/thumb/v7e-m+fp/hard/crt0.o (exit)
E:/STM32CubeIDE_1.13.2/STM32CubeIDE/plugins/com.st.stm32cube.ide.mcu.externaltools.gnu-tools-for-stm32.11.3.rel1.win32_1.1.1.202309131626/tools/bin/../lib/gcc/arm-none-eabi/11.3.1/../../../../arm-none-eabi/lib/thumb/v7e-m+fp/hard\libc_nano.a(libc_a-findfp.o)
                              E:/STM32CubeIDE_1.13.2/STM32CubeIDE/plugins/com.st.stm32cube.ide.mcu.externaltools.gnu-tools-for-stm32.11.3.rel1.win32_1.1.1.202309131626/tools/bin/../lib/gcc/arm-none-eabi/11.3.1/../../../../arm-none-eabi/lib/thumb/v7e-m+fp/hard\libc_nano.a(libc_a-exit.o) (__stdio_exit_handler)
E:/STM32CubeIDE_1.13.2/STM32CubeIDE/plugins/com.st.stm32cube.ide.mcu.externaltools.gnu-tools-for-stm32.11.3.rel1.win32_1.1.1.202309131626/tools/bin/../lib/gcc/arm-none-eabi/11.3.1/../../../../arm-none-eabi/lib/thumb/v7e-m+fp/hard\libc_nano.a(libc_a-fwalk.o)
                              E:/STM32CubeIDE_1.13.2/STM32CubeIDE/plugins/com.st.stm32cube.ide.mcu.externaltools.gnu-tools-for-stm32.11.3.rel1.win32_1.1.1.202309131626/tools/bin/../lib/gcc/arm-none-eabi/11.3.1/../../../../arm-none-eabi/lib/thumb/v7e-m+fp/hard\libc_nano.a(libc_a-findfp.o) (_fwalk_sglue)
E:/STM32CubeIDE_1.13.2/STM32CubeIDE/plugins/com.st.stm32cube.ide.mcu.externaltools.gnu-tools-for-stm32.11.3.rel1.win32_1.1.1.202309131626/tools/bin/../lib/gcc/arm-none-eabi/11.3.1/../../../../arm-none-eabi/lib/thumb/v7e-m+fp/hard\libc_nano.a(libc_a-stdio.o)
                              E:/STM32CubeIDE_1.13.2/STM32CubeIDE/plugins/com.st.stm32cube.ide.mcu.externaltools.gnu-tools-for-stm32.11.3.rel1.win32_1.1.1.202309131626/tools/bin/../lib/gcc/arm-none-eabi/11.3.1/../../../../arm-none-eabi/lib/thumb/v7e-m+fp/hard\libc_nano.a(libc_a-findfp.o) (__sread)
E:/STM32CubeIDE_1.13.2/STM32CubeIDE/plugins/com.st.stm32cube.ide.mcu.externaltools.gnu-tools-for-stm32.11.3.rel1.win32_1.1.1.202309131626/tools/bin/../lib/gcc/arm-none-eabi/11.3.1/../../../../arm-none-eabi/lib/thumb/v7e-m+fp/hard\libc_nano.a(libc_a-memset.o)
                              E:/STM32CubeIDE_1.13.2/STM32CubeIDE/plugins/com.st.stm32cube.ide.mcu.externaltools.gnu-tools-for-stm32.11.3.rel1.win32_1.1.1.202309131626/tools/bin/../lib/gcc/arm-none-eabi/11.3.1/../../../../arm-none-eabi/lib/thumb/v7e-m+fp/hard/crt0.o (memset)
E:/STM32CubeIDE_1.13.2/STM32CubeIDE/plugins/com.st.stm32cube.ide.mcu.externaltools.gnu-tools-for-stm32.11.3.rel1.win32_1.1.1.202309131626/tools/bin/../lib/gcc/arm-none-eabi/11.3.1/../../../../arm-none-eabi/lib/thumb/v7e-m+fp/hard\libc_nano.a(libc_a-closer.o)
                              E:/STM32CubeIDE_1.13.2/STM32CubeIDE/plugins/com.st.stm32cube.ide.mcu.externaltools.gnu-tools-for-stm32.11.3.rel1.win32_1.1.1.202309131626/tools/bin/../lib/gcc/arm-none-eabi/11.3.1/../../../../arm-none-eabi/lib/thumb/v7e-m+fp/hard\libc_nano.a(libc_a-stdio.o) (_close_r)
E:/STM32CubeIDE_1.13.2/STM32CubeIDE/plugins/com.st.stm32cube.ide.mcu.externaltools.gnu-tools-for-stm32.11.3.rel1.win32_1.1.1.202309131626/tools/bin/../lib/gcc/arm-none-eabi/11.3.1/../../../../arm-none-eabi/lib/thumb/v7e-m+fp/hard\libc_nano.a(libc_a-reent.o)
                              E:/STM32CubeIDE_1.13.2/STM32CubeIDE/plugins/com.st.stm32cube.ide.mcu.externaltools.gnu-tools-for-stm32.11.3.rel1.win32_1.1.1.202309131626/tools/bin/../lib/gcc/arm-none-eabi/11.3.1/../../../../arm-none-eabi/lib/thumb/v7e-m+fp/hard\libc_nano.a(libc_a-closer.o) (errno)
E:/STM32CubeIDE_1.13.2/STM32CubeIDE/plugins/com.st.stm32cube.ide.mcu.externaltools.gnu-tools-for-stm32.11.3.rel1.win32_1.1.1.202309131626/tools/bin/../lib/gcc/arm-none-eabi/11.3.1/../../../../arm-none-eabi/lib/thumb/v7e-m+fp/hard\libc_nano.a(libc_a-impure.o)
                              E:/STM32CubeIDE_1.13.2/STM32CubeIDE/plugins/com.st.stm32cube.ide.mcu.externaltools.gnu-tools-for-stm32.11.3.rel1.win32_1.1.1.202309131626/tools/bin/../lib/gcc/arm-none-eabi/11.3.1/../../../../arm-none-eabi/lib/thumb/v7e-m+fp/hard\libc_nano.a(libc_a-reent.o) (_impure_ptr)
E:/STM32CubeIDE_1.13.2/STM32CubeIDE/plugins/com.st.stm32cube.ide.mcu.externaltools.gnu-tools-for-stm32.11.3.rel1.win32_1.1.1.202309131626/tools/bin/../lib/gcc/arm-none-eabi/11.3.1/../../../../arm-none-eabi/lib/thumb/v7e-m+fp/hard\libc_nano.a(libc_a-lseekr.o)
[...]
Memory Configuration

Name             Origin             Length             Attributes
RAM              0x0000000020000000 0x0000000000050000 xrw
FLASH            0x0000000008000000 0x0000000000100000 xr
*default*        0x0000000000000000 0xffffffffffffffff

Linker script and memory map

LOAD E:/STM32CubeIDE_1.13.2/STM32CubeIDE/plugins/com.st.stm32cube.ide.mcu.externaltools.gnu-tools-for-stm32.11.3.rel1.win32_1.1.1.202309131626/tools/bin/../lib/gcc/arm-none-eabi/11.3.1/thumb/v7e-m+fp/hard/crti.o
LOAD E:/STM32CubeIDE_1.13.2/STM32CubeIDE/plugins/com.st.stm32cube.ide.mcu.externaltools.gnu-tools-for-stm32.11.3.rel1.win32_1.1.1.202309131626/tools/bin/../lib/gcc/arm-none-eabi/11.3.1/thumb/v7e-m+fp/hard/crtbegin.o
LOAD E:/STM32CubeIDE_1.13.2/STM32CubeIDE/plugins/com.st.stm32cube.ide.mcu.externaltools.gnu-tools-for-stm32.11.3.rel1.win32_1.1.1.202309131626/tools/bin/../lib/gcc/arm-none-eabi/11.3.1/../../../../arm-none-eabi/lib/thumb/v7e-m+fp/hard/crt0.o
LOAD ./Inc/DS1307_I2C.o
LOAD ./Inc/i2c1.o
LOAD ./Src/main.o
LOAD ./Src/syscalls.o
LOAD ./Src/sysmem.o
LOAD ./Startup/startup_stm32f746zgtx.o
START GROUP
LOAD E:/STM32CubeIDE_1.13.2/STM32CubeIDE/plugins/com.st.stm32cube.ide.mcu.externaltools.gnu-tools-for-stm32.11.3.rel1.win32_1.1.1.202309131626/tools/bin/../lib/gcc/arm-none-eabi/11.3.1/../../../../arm-none-eabi/lib/thumb/v7e-m+fp/hard\libc_nano.a
LOAD E:/STM32CubeIDE_1.13.2/STM32CubeIDE/plugins/com.st.stm32cube.ide.mcu.externaltools.gnu-tools-for-stm32.11.3.rel1.win32_1.1.1.202309131626/tools/bin/../lib/gcc/arm-none-eabi/11.3.1/../../../../arm-none-eabi/lib/thumb/v7e-m+fp/hard\libm.a
END GROUP
START GROUP
LOAD E:/STM32CubeIDE_1.13.2/STM32CubeIDE/plugins/com.st.stm32cube.ide.mcu.externaltools.gnu-tools-for-stm32.11.3.rel1.win32_1.1.1.202309131626/tools/bin/../lib/gcc/arm-none-eabi/11.3.1/thumb/v7e-m+fp/hard\libgcc.a
LOAD E:/STM32CubeIDE_1.13.2/STM32CubeIDE/plugins/com.st.stm32cube.ide.mcu.externaltools.gnu-tools-for-stm32.11.3.rel1.win32_1.1.1.202309131626/tools/bin/../lib/gcc/arm-none-eabi/11.3.1/../../../../arm-none-eabi/lib/thumb/v7e-m+fp/hard\libc_nano.a
END GROUP
START GROUP
LOAD E:/STM32CubeIDE_1.13.2/STM32CubeIDE/plugins/com.st.stm32cube.ide.mcu.externaltools.gnu-tools-for-stm32.11.3.rel1.win32_1.1.1.202309131626/tools/bin/../lib/gcc/arm-none-eabi/11.3.1/thumb/v7e-m+fp/hard\libgcc.a
LOAD E:/STM32CubeIDE_1.13.2/STM32CubeIDE/plugins/com.st.stm32cube.ide.mcu.externaltools.gnu-tools-for-stm32.11.3.rel1.win32_1.1.1.202309131626/tools/bin/../lib/gcc/arm-none-eabi/11.3.1/../../../../arm-none-eabi/lib/thumb/v7e-m+fp/hard\libc_nano.a
LOAD E:/STM32CubeIDE_1.13.2/STM32CubeIDE/plugins/com.st.stm32cube.ide.mcu.externaltools.gnu-tools-for-stm32.11.3.rel1.win32_1.1.1.202309131626/tools/bin/../lib/gcc/arm-none-eabi/11.3.1/../../../../arm-none-eabi/lib/thumb/v7e-m+fp/hard\libnosys.a
END GROUP
START GROUP
LOAD E:/STM32CubeIDE_1.13.2/STM32CubeIDE/plugins/com.st.stm32cube.ide.mcu.externaltools.gnu-tools-for-stm32.11.3.rel1.win32_1.1.1.202309131626/tools/bin/../lib/gcc/arm-none-eabi/11.3.1/thumb/v7e-m+fp/hard\libgcc.a
LOAD E:/STM32CubeIDE_1.13.2/STM32CubeIDE/plugins/com.st.stm32cube.ide.mcu.externaltools.gnu-tools-for-stm32.11.3.rel1.win32_1.1.1.202309131626/tools/bin/../lib/gcc/arm-none-eabi/11.3.1/../../../../arm-none-eabi/lib/thumb/v7e-m+fp/hard\libc_nano.a
LOAD E:/STM32CubeIDE_1.13.2/STM32CubeIDE/plugins/com.st.stm32cube.ide.mcu.externaltools.gnu-tools-for-stm32.11.3.rel1.win32_1.1.1.202309131626/tools/bin/../lib/gcc/arm-none-eabi/11.3.1/../../../../arm-none-eabi/lib/thumb/v7e-m+fp/hard\libnosys.a
END GROUP
LOAD E:/STM32CubeIDE_1.13.2/STM32CubeIDE/plugins/com.st.stm32cube.ide.mcu.externaltools.gnu-tools-for-stm32.11.3.rel1.win32_1.1.1.202309131626/tools/bin/../lib/gcc/arm-none-eabi/11.3.1/thumb/v7e-m+fp/hard/crtend.o
LOAD E:/STM32CubeIDE_1.13.2/STM32CubeIDE/plugins/com.st.stm32cube.ide.mcu.externaltools.gnu-tools-for-stm32.11.3.rel1.win32_1.1.1.202309131626/tools/bin/../lib/gcc/arm-none-eabi/11.3.1/thumb/v7e-m+fp/hard/crtn.o
                0x0000000020050000                _estack = (ORIGIN (RAM) + LENGTH (RAM))
                0x0000000000000200                _Min_Heap_Size = 0x200
                0x0000000000000400                _Min_Stack_Size = 0x400

.isr_vector     0x0000000008000000      0x1c8
                0x0000000008000000                . = ALIGN (0x4)
 *(.isr_vector)
 .isr_vector    0x0000000008000000      0x1c8 ./Startup/startup_stm32f746zgtx.o
                0x0000000008000000                g_pfnVectors
                0x00000000080001c8                . = ALIGN (0x4)

.text           0x00000000080001c8      0x72c
                0x00000000080001c8                . = ALIGN (0x4)
 *(.text)
 .text          0x00000000080001c8       0x40 E:/STM32CubeIDE_1.13.2/STM32CubeIDE/plugins/com.st.stm32cube.ide.mcu.externaltools.gnu-tools-for-stm32.11.3.rel1.win32_1.1.1.202309131626/tools/bin/../lib/gcc/arm-none-eabi/11.3.1/thumb/v7e-m+fp/hard/crtbegin.o
 *(.text*)
 .text.I2C1_STOP
                0x0000000008000208       0x20 ./Inc/DS1307_I2C.o
 .text.DS1307_I2C_ENABLE_OSCILLATOR
                0x0000000008000228       0x1e ./Inc/DS1307_I2C.o
                0x0000000008000228                DS1307_I2C_ENABLE_OSCILLATOR
 .text.DS1307_SET_24H_MODE
                0x0000000008000246       0x1e ./Inc/DS1307_I2C.o
                0x0000000008000246                DS1307_SET_24H_MODE
 .text.DS1307_INIT_CONF
                0x0000000008000264       0x10 ./Inc/DS1307_I2C.o
                0x0000000008000264                DS1307_INIT_CONF
 .text.DS1307_SET_TIME
                0x0000000008000274       0x54 ./Inc/DS1307_I2C.o
                0x0000000008000274                DS1307_SET_TIME
 .text.DS1307_SET_DATE
                0x00000000080002c8       0x68 ./Inc/DS1307_I2C.o
                0x00000000080002c8                DS1307_SET_DATE
 .text.DS1307_GET_TIME
                0x0000000008000330       0x56 ./Inc/DS1307_I2C.o
                0x0000000008000330                DS1307_GET_TIME
 .text.DS1307_GET_DATE
                0x0000000008000386       0x6a ./Inc/DS1307_I2C.o
                0x0000000008000386                DS1307_GET_DATE
 .text.I2C1_START
                0x00000000080003f0       0x20 ./Inc/i2c1.o
 .text.I2C1_SET_ADDR
                0x0000000008000410       0x28 ./Inc/i2c1.o
 .text.I2C1_SET_WRITE
                0x0000000008000438       0x20 ./Inc/i2c1.o
 .text.I2C1_SET_READ
                0x0000000008000458       0x20 ./Inc/i2c1.o
 .text.I2C1_SET_1_BYTE_TRANSFER
                0x0000000008000478       0x20 ./Inc/i2c1.o
 .text.I2C1_WAIT_FOR_START
                0x0000000008000498       0x24 ./Inc/i2c1.o
 .text.I2C1_WAIT_FOR_TXDR_EMPTY
                0x00000000080004bc       0x24 ./Inc/i2c1.o
 .text.I2C1_WAIT_FOR_REC_COMPLETE
                0x00000000080004e0       0x24 ./Inc/i2c1.o
 .text.I2C1_SEND_NACK
                0x0000000008000504       0x20 ./Inc/i2c1.o
 .text.I2C1_WAIT_FOR_TR_COMPLETE
                0x0000000008000524       0x24 ./Inc/i2c1.o
 .text.I2C1_GPIO_CONF
                0x0000000008000548       0x54 ./Inc/i2c1.o
                0x0000000008000548                I2C1_GPIO_CONF
 .text.I2C1_CONF
                0x000000000800059c       0x84 ./Inc/i2c1.o
                0x000000000800059c                I2C1_CONF
 .text.I2C1_SELECT_AND_START_WR
                0x0000000008000620       0x2a ./Inc/i2c1.o
                0x0000000008000620                I2C1_SELECT_AND_START_WR
 .text.I2C1_SELECT_AND_START_RD
                0x000000000800064a       0x2e ./Inc/i2c1.o
                0x000000000800064a                I2C1_SELECT_AND_START_RD
 .text.I2C1_SEND_BYTE
                0x0000000008000678       0x24 ./Inc/i2c1.o
                0x0000000008000678                I2C1_SEND_BYTE
 .text.I2C1_READ_BYTE
                0x000000000800069c       0x18 ./Inc/i2c1.o
                0x000000000800069c                I2C1_READ_BYTE
 .text.__NVIC_SetPriority
                0x00000000080006b4       0x54 ./Src/main.o
 .text.SysTick_Config
                0x0000000008000708       0x44 ./Src/main.o
 .text.SysTick_Handler
                0x000000000800074c       0x1c ./Src/main.o
                0x000000000800074c                SysTick_Handler
 .text.DELAY    0x0000000008000768       0x30 ./Src/main.o
                0x0000000008000768                DELAY
 .text.main     0x0000000008000798       0xa8 ./Src/main.o
                0x0000000008000798                main
 .text.Reset_Handler
                0x0000000008000840       0x50 ./Startup/startup_stm32f746zgtx.o
                0x0000000008000840                Reset_Handler
 .text.Default_Handler
                0x0000000008000890        0x2 ./Startup/startup_stm32f746zgtx.o
                0x0000000008000890                HASH_RNG_IRQHandler
                0x0000000008000890                EXTI2_IRQHandler
                0x0000000008000890                TIM8_CC_IRQHandler
                0x0000000008000890                DebugMon_Handler
                0x0000000008000890                UART8_IRQHandler
                0x0000000008000890                SPI4_IRQHandler
                0x0000000008000890                TIM1_CC_IRQHandler
                0x0000000008000890                QuadSPI_IRQHandler
                0x0000000008000890                DMA2_Stream5_IRQHandler
                0x0000000008000890                HardFault_Handler
                0x0000000008000890                DMA1_Stream5_IRQHandler
                0x0000000008000890                PVD_IRQHandler
                0x0000000008000890                TAMP_STAMP_IRQHandler
                0x0000000008000890                PendSV_Handler
                0x0000000008000890                NMI_Handler
                0x0000000008000890                CAN2_RX1_IRQHandler
                0x0000000008000890                EXTI3_IRQHandler
                0x0000000008000890                TIM8_TRG_COM_TIM14_IRQHandler
                0x0000000008000890                TIM1_UP_TIM10_IRQHandler
                0x0000000008000890                TIM8_UP_TIM13_IRQHandler
                0x0000000008000890                I2C3_ER_IRQHandler
                0x0000000008000890                LCD_TFT_IRQHandler
                0x0000000008000890                EXTI0_IRQHandler
                0x0000000008000890                I2C2_EV_IRQHandler
                0x0000000008000890                DMA1_Stream2_IRQHandler
                0x0000000008000890                CAN1_RX0_IRQHandler
                0x0000000008000890                OTG_HS_WKUP_IRQHandler
                0x0000000008000890                UsageFault_Handler
                0x0000000008000890                LTDC_ER_IRQHandler
                0x0000000008000890                CAN2_SCE_IRQHandler
                0x0000000008000890                DMA2_Stream2_IRQHandler
                0x0000000008000890                SPI1_IRQHandler
                0x0000000008000890                TIM6_DAC_IRQHandler
                0x0000000008000890                TIM1_BRK_TIM9_IRQHandler
                0x0000000008000890                DCMI_IRQHandler
                0x0000000008000890                CAN2_RX0_IRQHandler
                0x0000000008000890                DMA2_Stream3_IRQHandler
                0x0000000008000890                RTC_ALARM_IRQHandler
                0x0000000008000890                SAI2_IRQHandler
                0x0000000008000890                USART6_IRQHandler
                0x0000000008000890                USART3_IRQHandler
                0x0000000008000890                CRYP_IRQHandler
                0x0000000008000890                CAN1_RX1_IRQHandler
                0x0000000008000890                UART5_IRQHandler
                0x0000000008000890                DMA2_Stream0_IRQHandler
                0x0000000008000890                TIM4_IRQHandler
                0x0000000008000890                I2C1_EV_IRQHandler
                0x0000000008000890                HDMI_CEC_IRQHandler
                0x0000000008000890                DMA1_Stream6_IRQHandler
                0x0000000008000890                DMA1_Stream1_IRQHandler
                0x0000000008000890                UART4_IRQHandler
                0x0000000008000890                TIM3_IRQHandler
                0x0000000008000890                RCC_IRQHandler
                0x0000000008000890                TIM8_BRK_TIM12_IRQHandler
                0x0000000008000890                Default_Handler
                0x0000000008000890                EXTI15_10_IRQHandler
                0x0000000008000890                ADC_IRQHandler
                0x0000000008000890                DMA1_Stream7_IRQHandler
                0x0000000008000890                SPI5_IRQHandler
                0x0000000008000890                LPTimer1_IRQHandler
                0x0000000008000890                TIM7_IRQHandler
                0x0000000008000890                SDMMC1_IRQHandler
                0x0000000008000890                CAN2_TX_IRQHandler
                0x0000000008000890                TIM5_IRQHandler
                0x0000000008000890                DMA2_Stream7_IRQHandler
                0x0000000008000890                I2C3_EV_IRQHandler
                0x0000000008000890                EXTI9_5_IRQHandler
                0x0000000008000890                RTC_WKUP_IRQHandler
                0x0000000008000890                ETH_WKUP_IRQHandler
                0x0000000008000890                SPI2_IRQHandler
                0x0000000008000890                OTG_HS_EP1_IN_IRQHandler
                0x0000000008000890                MemManage_Handler
                0x0000000008000890                DMA1_Stream0_IRQHandler
                0x0000000008000890                CAN1_TX_IRQHandler
                0x0000000008000890                SVC_Handler
                0x0000000008000890                EXTI4_IRQHandler
                0x0000000008000890                ETH_IRQHandler
                0x0000000008000890                OTG_HS_EP1_OUT_IRQHandler
                0x0000000008000890                WWDG_IRQHandler
                0x0000000008000890                SPI6_IRQHandler
                0x0000000008000890                I2C4_EV_IRQHandler
                0x0000000008000890                TIM2_IRQHandler
                0x0000000008000890                OTG_FS_WKUP_IRQHandler
                0x0000000008000890                TIM1_TRG_COM_TIM11_IRQHandler
                0x0000000008000890                OTG_HS_IRQHandler
                0x0000000008000890                DMA2D_IRQHandler
                0x0000000008000890                EXTI1_IRQHandler
                0x0000000008000890                UART7_IRQHandler
                0x0000000008000890                USART2_IRQHandler
                0x0000000008000890                I2C2_ER_IRQHandler
                0x0000000008000890                SPDIFRX_IRQHandler
                0x0000000008000890                DMA2_Stream1_IRQHandler
                0x0000000008000890                CAN1_SCE_IRQHandler
                0x0000000008000890                FLASH_IRQHandler
                0x0000000008000890                DMA2_Stream4_IRQHandler
                0x0000000008000890                BusFault_Handler
                0x0000000008000890                USART1_IRQHandler
                0x0000000008000890                OTG_FS_IRQHandler
                0x0000000008000890                SPI3_IRQHandler
                0x0000000008000890                DMA1_Stream4_IRQHandler
                0x0000000008000890                I2C1_ER_IRQHandler
                0x0000000008000890                FMC_IRQHandler
                0x0000000008000890                I2C4_ER_IRQHandler
                0x0000000008000890                DMA2_Stream6_IRQHandler
                0x0000000008000890                SAI1_IRQHandler
                0x0000000008000890                DMA1_Stream3_IRQHandler
 *fill*         0x0000000008000892        0x2 
 .text.__libc_init_array
                0x0000000008000894       0x48 E:/STM32CubeIDE_1.13.2/STM32CubeIDE/plugins/com.st.stm32cube.ide.mcu.externaltools.gnu-tools-for-stm32.11.3.rel1.win32_1.1.1.202309131626/tools/bin/../lib/gcc/arm-none-eabi/11.3.1/../../../../arm-none-eabi/lib/thumb/v7e-m+fp/hard\libc_nano.a(libc_a-init.o)
                0x0000000008000894                __libc_init_array
 *(.glue_7)
 .glue_7        0x00000000080008dc        0x0 linker stubs
 *(.glue_7t)
 .glue_7t       0x00000000080008dc        0x0 linker stubs
 *(.eh_frame)
 .eh_frame      0x00000000080008dc        0x0 E:/STM32CubeIDE_1.13.2/STM32CubeIDE/plugins/com.st.stm32cube.ide.mcu.externaltools.gnu-tools-for-stm32.11.3.rel1.win32_1.1.1.202309131626/tools/bin/../lib/gcc/arm-none-eabi/11.3.1/thumb/v7e-m+fp/hard/crtbegin.o
 *(.init)
 .init          0x00000000080008dc        0x4 E:/STM32CubeIDE_1.13.2/STM32CubeIDE/plugins/com.st.stm32cube.ide.mcu.externaltools.gnu-tools-for-stm32.11.3.rel1.win32_1.1.1.202309131626/tools/bin/../lib/gcc/arm-none-eabi/11.3.1/thumb/v7e-m+fp/hard/crti.o
                0x00000000080008dc                _init
 .init          0x00000000080008e0        0x8 E:/STM32CubeIDE_1.13.2/STM32CubeIDE/plugins/com.st.stm32cube.ide.mcu.externaltools.gnu-tools-for-stm32.11.3.rel1.win32_1.1.1.202309131626/tools/bin/../lib/gcc/arm-none-eabi/11.3.1/thumb/v7e-m+fp/hard/crtn.o
 *(.fini)
 .fini          0x00000000080008e8        0x4 E:/STM32CubeIDE_1.13.2/STM32CubeIDE/plugins/com.st.stm32cube.ide.mcu.externaltools.gnu-tools-for-stm32.11.3.rel1.win32_1.1.1.202309131626/tools/bin/../lib/gcc/arm-none-eabi/11.3.1/thumb/v7e-m+fp/hard/crti.o
                0x00000000080008e8                _fini
 .fini          0x00000000080008ec        0x8 E:/STM32CubeIDE_1.13.2/STM32CubeIDE/plugins/com.st.stm32cube.ide.mcu.externaltools.gnu-tools-for-stm32.11.3.rel1.win32_1.1.1.202309131626/tools/bin/../lib/gcc/arm-none-eabi/11.3.1/thumb/v7e-m+fp/hard/crtn.o
                0x00000000080008f4                . = ALIGN (0x4)
                0x00000000080008f4                _etext = .

.vfp11_veneer   0x00000000080008f4        0x0
 .vfp11_veneer  0x00000000080008f4        0x0 linker stubs

.v4_bx          0x00000000080008f4        0x0
 .v4_bx         0x00000000080008f4        0x0 linker stubs

.iplt           0x00000000080008f4        0x0
 .iplt          0x00000000080008f4        0x0 E:/STM32CubeIDE_1.13.2/STM32CubeIDE/plugins/com.st.stm32cube.ide.mcu.externaltools.gnu-tools-for-stm32.11.3.rel1.win32_1.1.1.202309131626/tools/bin/../lib/gcc/arm-none-eabi/11.3.1/thumb/v7e-m+fp/hard/crtbegin.o

.rel.dyn        0x00000000080008f4        0x0
 .rel.iplt      0x00000000080008f4        0x0 E:/STM32CubeIDE_1.13.2/STM32CubeIDE/plugins/com.st.stm32cube.ide.mcu.externaltools.gnu-tools-for-stm32.11.3.rel1.win32_1.1.1.202309131626/tools/bin/../lib/gcc/arm-none-eabi/11.3.1/thumb/v7e-m+fp/hard/crtbegin.o

.rodata         0x00000000080008f4        0x0
                0x00000000080008f4                . = ALIGN (0x4)
 *(.rodata)
 *(.rodata*)
                0x00000000080008f4                . = ALIGN (0x4)

.ARM.extab      0x00000000080008f4        0x0
                0x00000000080008f4                . = ALIGN (0x4)
 *(.ARM.extab* .gnu.linkonce.armextab.*)
                0x00000000080008f4                . = ALIGN (0x4)

.ARM            0x00000000080008f4        0x0
                0x00000000080008f4                . = ALIGN (0x4)
                0x00000000080008f4                __exidx_start = .
 *(.ARM.exidx*)
                0x00000000080008f4                __exidx_end = .
                0x00000000080008f4                . = ALIGN (0x4)

.preinit_array  0x00000000080008f4        0x0
                0x00000000080008f4                . = ALIGN (0x4)
                0x00000000080008f4                PROVIDE (__preinit_array_start = .)
 *(.preinit_array*)
                0x00000000080008f4                PROVIDE (__preinit_array_end = .)
                0x00000000080008f4                . = ALIGN (0x4)

.init_array     0x00000000080008f4        0x4
                0x00000000080008f4                . = ALIGN (0x4)
                0x00000000080008f4                PROVIDE (__init_array_start = .)
 *(SORT_BY_NAME(.init_array.*))
 *(.init_array*)
 .init_array    0x00000000080008f4        0x4 E:/STM32CubeIDE_1.13.2/STM32CubeIDE/plugins/com.st.stm32cube.ide.mcu.externaltools.gnu-tools-for-stm32.11.3.rel1.win32_1.1.1.202309131626/tools/bin/../lib/gcc/arm-none-eabi/11.3.1/thumb/v7e-m+fp/hard/crtbegin.o
                0x00000000080008f8                PROVIDE (__init_array_end = .)
                0x00000000080008f8                . = ALIGN (0x4)

.fini_array     0x00000000080008f8        0x4
                0x00000000080008f8                . = ALIGN (0x4)
                [!provide]                        PROVIDE (__fini_array_start = .)
 *(SORT_BY_NAME(.fini_array.*))
 *(.fini_array*)
 .fini_array    0x00000000080008f8        0x4 E:/STM32CubeIDE_1.13.2/STM32CubeIDE/plugins/com.st.stm32cube.ide.mcu.externaltools.gnu-tools-for-stm32.11.3.rel1.win32_1.1.1.202309131626/tools/bin/../lib/gcc/arm-none-eabi/11.3.1/thumb/v7e-m+fp/hard/crtbegin.o
                [!provide]                        PROVIDE (__fini_array_end = .)
                0x00000000080008fc                . = ALIGN (0x4)
                0x00000000080008fc                _sidata = LOADADDR (.data)

.data           0x0000000020000000       0x1c load address 0x00000000080008fc
                0x0000000020000000                . = ALIGN (0x4)
                0x0000000020000000                _sdata = .
 *(.data)
 *(.data*)
 .data.ptr_SEC  0x0000000020000000        0x4 ./Src/main.o
                0x0000000020000000                ptr_SEC
 .data.ptr_MIN  0x0000000020000004        0x4 ./Src/main.o
                0x0000000020000004                ptr_MIN
 .data.ptr_HOUR
                0x0000000020000008        0x4 ./Src/main.o
                0x0000000020000008                ptr_HOUR
 .data.ptr_DAY  0x000000002000000c        0x4 ./Src/main.o
                0x000000002000000c                ptr_DAY
 .data.ptr_DATE
                0x0000000020000010        0x4 ./Src/main.o
                0x0000000020000010                ptr_DATE
 .data.ptr_MONTH
                0x0000000020000014        0x4 ./Src/main.o
                0x0000000020000014                ptr_MONTH
 .data.ptr_YEAR
                0x0000000020000018        0x4 ./Src/main.o
                0x0000000020000018                ptr_YEAR
 *(.RamFunc)
 *(.RamFunc*)
                0x000000002000001c                . = ALIGN (0x4)
                0x000000002000001c                _edata = .

.igot.plt       0x000000002000001c        0x0 load address 0x0000000008000918
 .igot.plt      0x000000002000001c        0x0 E:/STM32CubeIDE_1.13.2/STM32CubeIDE/plugins/com.st.stm32cube.ide.mcu.externaltools.gnu-tools-for-stm32.11.3.rel1.win32_1.1.1.202309131626/tools/bin/../lib/gcc/arm-none-eabi/11.3.1/thumb/v7e-m+fp/hard/crtbegin.o
                0x000000002000001c                . = ALIGN (0x4)

.bss            0x000000002000001c       0x28 load address 0x0000000008000918
                0x000000002000001c                _sbss = .
                0x000000002000001c                __bss_start__ = _sbss
 *(.bss)
 .bss           0x000000002000001c       0x1c E:/STM32CubeIDE_1.13.2/STM32CubeIDE/plugins/com.st.stm32cube.ide.mcu.externaltools.gnu-tools-for-stm32.11.3.rel1.win32_1.1.1.202309131626/tools/bin/../lib/gcc/arm-none-eabi/11.3.1/thumb/v7e-m+fp/hard/crtbegin.o
 *(.bss*)
 .bss.Tick      0x0000000020000038        0x4 ./Src/main.o
                0x0000000020000038                Tick
 .bss.SEC       0x000000002000003c        0x1 ./Src/main.o
                0x000000002000003c                SEC
 .bss.MIN       0x000000002000003d        0x1 ./Src/main.o
                0x000000002000003d                MIN
 .bss.HOUR      0x000000002000003e        0x1 ./Src/main.o
                0x000000002000003e                HOUR
 .bss.DAY       0x000000002000003f        0x1 ./Src/main.o
                0x000000002000003f                DAY
 .bss.DATE      0x0000000020000040        0x1 ./Src/main.o
                0x0000000020000040                DATE
 .bss.MONTH     0x0000000020000041        0x1 ./Src/main.o
                0x0000000020000041                MONTH
 .bss.YEAR      0x0000000020000042        0x1 ./Src/main.o
                0x0000000020000042                YEAR
 *(COMMON)
                0x0000000020000044                . = ALIGN (0x4)
 *fill*         0x0000000020000043        0x1 
                0x0000000020000044                _ebss = .
                0x0000000020000044                __bss_end__ = _ebss

._user_heap_stack
                0x0000000020000044      0x604 load address 0x0000000008000918
                0x0000000020000048                . = ALIGN (0x8)
 *fill*         0x0000000020000044        0x4 
                [!provide]                        PROVIDE (end = .)
                0x0000000020000048                PROVIDE (_end = .)
                0x0000000020000248                . = (. + _Min_Heap_Size)
 *fill*         0x0000000020000048      0x200 
                0x0000000020000648                . = (. + _Min_Stack_Size)
 *fill*         0x0000000020000248      0x400 
                0x0000000020000648                . = ALIGN (0x8)

/DISCARD/
 libc.a(*)
 libm.a(*)
 libgcc.a(*)

.ARM.attributes
                0x0000000000000000       0x30
 *(.ARM.attributes)
 .ARM.attributes
                0x0000000000000000       0x1e E:/STM32CubeIDE_1.13.2/STM32CubeIDE/plugins/com.st.stm32cube.ide.mcu.externaltools.gnu-tools-for-stm32.11.3.rel1.win32_1.1.1.202309131626/tools/bin/../lib/gcc/arm-none-eabi/11.3.1/thumb/v7e-m+fp/hard/crti.o
 .ARM.attributes
                0x000000000000001e       0x34 E:/STM32CubeIDE_1.13.2/STM32CubeIDE/plugins/com.st.stm32cube.ide.mcu.externaltools.gnu-tools-for-stm32.11.3.rel1.win32_1.1.1.202309131626/tools/bin/../lib/gcc/arm-none-eabi/11.3.1/thumb/v7e-m+fp/hard/crtbegin.o
 .ARM.attributes
                0x0000000000000052       0x34 ./Inc/DS1307_I2C.o
 .ARM.attributes
                0x0000000000000086       0x34 ./Inc/i2c1.o
 .ARM.attributes
                0x00000000000000ba       0x34 ./Src/main.o
 .ARM.attributes
                0x00000000000000ee       0x21 ./Startup/startup_stm32f746zgtx.o
 .ARM.attributes
                0x000000000000010f       0x34 E:/STM32CubeIDE_1.13.2/STM32CubeIDE/plugins/com.st.stm32cube.ide.mcu.externaltools.gnu-tools-for-stm32.11.3.rel1.win32_1.1.1.202309131626/tools/bin/../lib/gcc/arm-none-eabi/11.3.1/../../../../arm-none-eabi/lib/thumb/v7e-m+fp/hard\libc_nano.a(libc_a-init.o)
 .ARM.attributes
                0x0000000000000143       0x1e E:/STM32CubeIDE_1.13.2/STM32CubeIDE/plugins/com.st.stm32cube.ide.mcu.externaltools.gnu-tools-for-stm32.11.3.rel1.win32_1.1.1.202309131626/tools/bin/../lib/gcc/arm-none-eabi/11.3.1/thumb/v7e-m+fp/hard/crtn.o
OUTPUT(STM32_DS1307_I2C.elf elf32-littlearm)
LOAD linker stubs
LOAD E:/STM32CubeIDE_1.13.2/STM32CubeIDE/plugins/com.st.stm32cube.ide.mcu.externaltools.gnu-tools-for-stm32.11.3.rel1.win32_1.1.1.202309131626/tools/bin/../lib/gcc/arm-none-eabi/11.3.1/../../../../arm-none-eabi/lib/thumb/v7e-m+fp/hard\libc.a
LOAD E:/STM32CubeIDE_1.13.2/STM32CubeIDE/plugins/com.st.stm32cube.ide.mcu.externaltools.gnu-tools-for-stm32.11.3.rel1.win32_1.1.1.202309131626/tools/bin/../lib/gcc/arm-none-eabi/11.3.1/../../../../arm-none-eabi/lib/thumb/v7e-m+fp/hard\libm.a
LOAD E:/STM32CubeIDE_1.13.2/STM32CubeIDE/plugins/com.st.stm32cube.ide.mcu.externaltools.gnu-tools-for-stm32.11.3.rel1.win32_1.1.1.202309131626/tools/bin/../lib/gcc/arm-none-eabi/11.3.1/thumb/v7e-m+fp/hard\libgcc.a

.comment        0x0000000000000000       0x43
 .comment       0x0000000000000000       0x43 E:/STM32CubeIDE_1.13.2/STM32CubeIDE/plugins/com.st.stm32cube.ide.mcu.externaltools.gnu-tools-for-stm32.11.3.rel1.win32_1.1.1.202309131626/tools/bin/../lib/gcc/arm-none-eabi/11.3.1/thumb/v7e-m+fp/hard/crtbegin.o
                                         0x44 (size before relaxing)
 .comment       0x0000000000000043       0x44 ./Inc/DS1307_I2C.o
 .comment       0x0000000000000043       0x44 ./Inc/i2c1.o
 .comment       0x0000000000000043       0x44 ./Src/main.o

.debug_info     0x0000000000000000     0x11fc
 .debug_info    0x0000000000000000      0x2de ./Inc/DS1307_I2C.o
 .debug_info    0x00000000000002de      0x4d8 ./Inc/i2c1.o
 .debug_info    0x00000000000007b6      0xa23 ./Src/main.o
 .debug_info    0x00000000000011d9       0x23 ./Startup/startup_stm32f746zgtx.o

.debug_abbrev   0x0000000000000000      0x496
 .debug_abbrev  0x0000000000000000      0x135 ./Inc/DS1307_I2C.o
 .debug_abbrev  0x0000000000000135      0x133 ./Inc/i2c1.o
 .debug_abbrev  0x0000000000000268      0x21c ./Src/main.o
 .debug_abbrev  0x0000000000000484       0x12 ./Startup/startup_stm32f746zgtx.o

.debug_aranges  0x0000000000000000      0x158
 .debug_aranges
                0x0000000000000000       0x58 ./Inc/DS1307_I2C.o
 .debug_aranges
                0x0000000000000058       0x98 ./Inc/i2c1.o
 .debug_aranges
                0x00000000000000f0       0x40 ./Src/main.o
 .debug_aranges
                0x0000000000000130       0x28 ./Startup/startup_stm32f746zgtx.o

.debug_rnglists
                0x0000000000000000       0xf0
 .debug_rnglists
                0x0000000000000000       0x3d ./Inc/DS1307_I2C.o
 .debug_rnglists
                0x000000000000003d       0x6e ./Inc/i2c1.o
 .debug_rnglists
                0x00000000000000ab       0x2c ./Src/main.o
 .debug_rnglists
                0x00000000000000d7       0x19 ./Startup/startup_stm32f746zgtx.o

.debug_macro    0x0000000000000000    0x1b92c
 .debug_macro   0x0000000000000000       0xcf ./Inc/DS1307_I2C.o
 .debug_macro   0x00000000000000cf      0xaae ./Inc/DS1307_I2C.o
 .debug_macro   0x0000000000000b7d       0x22 ./Inc/DS1307_I2C.o
 .debug_macro   0x0000000000000b9f       0x8e ./Inc/DS1307_I2C.o
 .debug_macro   0x0000000000000c2d       0x51 ./Inc/DS1307_I2C.o
 .debug_macro   0x0000000000000c7e      0x103 ./Inc/DS1307_I2C.o
 .debug_macro   0x0000000000000d81       0x6a ./Inc/DS1307_I2C.o
 .debug_macro   0x0000000000000deb      0x1df ./Inc/DS1307_I2C.o
 .debug_macro   0x0000000000000fca       0x3b ./Inc/DS1307_I2C.o
 .debug_macro   0x0000000000001005       0x1c ./Inc/DS1307_I2C.o
 .debug_macro   0x0000000000001021       0x22 ./Inc/DS1307_I2C.o
 .debug_macro   0x0000000000001043       0xd9 ./Inc/DS1307_I2C.o
 .debug_macro   0x000000000000111c     0x12cd ./Inc/DS1307_I2C.o
 .debug_macro   0x00000000000023e9      0x11f ./Inc/DS1307_I2C.o
 .debug_macro   0x0000000000002508       0x19 ./Inc/DS1307_I2C.o
 .debug_macro   0x0000000000002521    0x1920a ./Inc/DS1307_I2C.o
 .debug_macro   0x000000000001b72b       0x4c ./Inc/DS1307_I2C.o
 .debug_macro   0x000000000001b777       0x16 ./Inc/DS1307_I2C.o
 .debug_macro   0x000000000001b78d       0xc6 ./Inc/i2c1.o
 .debug_macro   0x000000000001b853       0xd9 ./Src/main.o

.debug_line     0x0000000000000000     0x12ba
 .debug_line    0x0000000000000000      0x5d6 ./Inc/DS1307_I2C.o
 .debug_line    0x00000000000005d6      0x6b3 ./Inc/i2c1.o
 .debug_line    0x0000000000000c89      0x5b6 ./Src/main.o
 .debug_line    0x000000000000123f       0x7b ./Startup/startup_stm32f746zgtx.o

.debug_str      0x0000000000000000    0x9b494
 .debug_str     0x0000000000000000    0x9aaaf ./Inc/DS1307_I2C.o
                                      0x9ac5a (size before relaxing)
 .debug_str     0x000000000009aaaf      0x23a ./Inc/i2c1.o
                                      0x9acdc (size before relaxing)
 .debug_str     0x000000000009ace9      0x77c ./Src/main.o
                                      0x9b37f (size before relaxing)
 .debug_str     0x000000000009b465       0x2f ./Startup/startup_stm32f746zgtx.o
                                         0x76 (size before relaxing)

.debug_frame    0x0000000000000000      0x424
 .debug_frame   0x0000000000000000      0x118 ./Inc/DS1307_I2C.o
 .debug_frame   0x0000000000000118      0x220 ./Inc/i2c1.o
 .debug_frame   0x0000000000000338       0xc0 ./Src/main.o
 .debug_frame   0x00000000000003f8       0x2c E:/STM32CubeIDE_1.13.2/STM32CubeIDE/plugins/com.st.stm32cube.ide.mcu.externaltools.gnu-tools-for-stm32.11.3.rel1.win32_1.1.1.202309131626/tools/bin/../lib/gcc/arm-none-eabi/11.3.1/../../../../arm-none-eabi/lib/thumb/v7e-m+fp/hard\libc_nano.a(libc_a-init.o)

.debug_line_str
                0x0000000000000000       0x6a
 .debug_line_str
                0x0000000000000000       0x6a ./Startup/startup_stm32f746zgtx.o
                                         0x82 (size before relaxing)
