../Inc/i2c1.h:56:20:I2C1_START	4	static
../Inc/i2c1.h:66:20:I2C1_SET_ADDR	16	static
../Inc/i2c1.h:81:20:I2C1_SET_1_BYTE_TRANSFER	4	static
../Inc/i2c1.h:86:20:I2C1_WAIT_FOR_START	4	static
../Inc/i2c1.h:93:20:I2C1_WAIT_FOR_TXDR_EMPTY	4	static
../Inc/i2c1.h:100:20:I2C1_WAIT_FOR_REC_COMPLETE	4	static
../Inc/i2c1.h:107:20:I2C1_SEND_NACK	4	static
../Inc/i2c1.c:13:6:I2C1_GPIO_CONF	4	static
../Inc/i2c1.c:26:6:I2C1_CONF	4	static
../Inc/i2c1.c:56:6:I2C1_SELECT_AND_START_WR	16	static
../Inc/i2c1.c:65:6:I2C1_SELECT_AND_START_RD	16	static
../Inc/i2c1.c:75:6:I2C1_SEND_BYTE	16	static
../Inc/i2c1.c:82:9:I2C1_READ_BYTE	8	static
